cargo :    Compiling vesting_contracts v0.0.0 (C:\Users\dell\Contracts\contracts\vesting_contracts)
At line:1 char:1
+ cargo build -p vesting_contracts --tests 2> build_errors.txt
+ ~~~~~~~~~~~~~~~~~~~~~~~~~~~~~~~~~~~~~~~~~~~~~~~~~~~~~~~~~~~~
    + CategoryInfo          : NotSpecified: (   Compiling ve...ting_contracts):String) [], RemoteException
    + FullyQualifiedErrorId : NativeCommandError
 
error[E0428]: the name `diversified_core` is defined multiple times
    --> contracts\vesting_contracts\src\lib.rs:2961:1
     |
  58 | pub mod diversified_core;
     | ------------------------- previous definition of the module `diversified_core` here
...
2961 | pub mod diversified_core;
     | ^^^^^^^^^^^^^^^^^^^^^^^^^ `diversified_core` redefined here
     |
     = note: `diversified_core` must be defined only once in the type namespace of this module

warning: unused imports: `Map` and `Val`
  --> contracts\vesting_contracts\src\lib.rs:12:5
   |
12 |     Map,
   |     ^^^
13 |     Symbol,
14 |     Val,
   |     ^^^
   |
   = note: `#[warn(unused_imports)]` (part of `#[warn(unused)]`) on by default

warning: unused import: `symbol_short`
 --> contracts\vesting_contracts\src\kpi_vesting.rs:5:34
  |
5 | use soroban_sdk::{contractevent, symbol_short, Address, Env, Symbol};
  |                                  ^^^^^^^^^^^^

warning: unused imports: `Map` and `Symbol`
 --> contracts\vesting_contracts\src\certificate_registry.rs:1:86
  |
1 | use soroban_sdk::{contract, contractimpl, contracttype, contractevent, Address, Env, Map, String, Symbol, Vec, 
U256};
  |                                                                                      ^^^          ^^^^^^

error[E0433]: failed to resolve: use of unresolved module or unlinked crate `std`
   --> contracts\vesting_contracts\src\diversified_test.rs:149:22
    |
149 |         let result = std::panic::catch_unwind(|| {
    |                      ^^^ use of unresolved module or unlinked crate `std`
    |
    = help: if you wanted to use a crate named `std`, use `cargo add std` to add it to your `Cargo.toml`

warning: unused import: `Symbol`
 --> contracts\vesting_contracts\src\kpi_test.rs:4:58
  |
4 |     symbol_short, testutils::Address as _, Address, Env, Symbol,
  |                                                          ^^^^^^

warning: unused imports: `KpiOracleConfig` and `KpiVerificationRecord`
 --> contracts\vesting_contracts\src\kpi_test.rs:8:18
  |
8 |     get_kpi_log, KpiOracleConfig, KpiVerificationRecord,
  |                  ^^^^^^^^^^^^^^^  ^^^^^^^^^^^^^^^^^^^^^

warning: unused import: `symbol_short`
 --> contracts\vesting_contracts\src\certificate_registry_test.rs:3:19
  |
3 | use soroban_sdk::{symbol_short, vec, Address, Env, String, U256, Vec};
  |                   ^^^^^^^^^^^^

warning: unused imports: `CompletedVestCertificate`, `DataKey`, and `WorkVerification`
  --> contracts\vesting_contracts\src\certificate_registry_test.rs:8:71
   |
 8 |         VestingCertificateRegistry, VestingCertificateRegistryClient, CompletedVestCertificate, CertificateQuery, 
WorkVerification,
   |                                                                       ^^^^^^^^^^^^^^^^^^^^^^^^                    
^^^^^^^^^^^^^^^^
 9 |     },
10 |     Vault, AssetAllocationEntry, DataKey,
   |                                  ^^^^^^^

warning: unused imports: `Milestone` and `PausedVault`
 --> contracts\vesting_contracts\src\test.rs:4:22
  |
4 |     BatchCreateData, Milestone, PausedVault, VestingContract, VestingContractClient,
  |                      ^^^^^^^^^  ^^^^^^^^^^^

warning: unused imports: `IntoVal` and `String`
 --> contracts\vesting_contracts\src\test.rs:9:31
  |
9 |     token, vec, Address, Env, String, IntoVal,
  |                               ^^^^^^  ^^^^^^^

warning: unused imports: `AssetAllocationEntry`, `BatchCreateData`, and `Milestone`
 --> contracts\vesting_contracts\src\invariant_test.rs:3:53
  |
3 | use crate::{VestingContract, VestingContractClient, Milestone, BatchCreateData, AssetAllocationEntry};
  |                                                     ^^^^^^^^^  ^^^^^^^^^^^^^^^  ^^^^^^^^^^^^^^^^^^^^

warning: unused import: `vec`
 --> contracts\vesting_contracts\src\invariant_test.rs:4:61
  |
4 | use soroban_sdk::{testutils::{Address as _, Ledger}, token, vec, Address, Env};
  |                                                             ^^^

warning: unnecessary parentheses around block return value
   --> contracts\vesting_contracts\src\invariant_test.rs:116:27
    |
116 |                    else { (start + (duration * i as u64 / 10)) };
    |                           ^                                  ^
    |
    = note: `#[warn(unused_parens)]` (part of `#[warn(unused)]`) on by default
help: remove these parentheses
    |
116 -                    else { (start + (duration * i as u64 / 10)) };
116 +                    else { start + (duration * i as u64 / 10) };
    |

warning: unused import: `IntoVal`
 --> contracts\vesting_contracts\src\diversified_test.rs:6:43
  |
6 |         token, vec, Address, Env, String, IntoVal,
  |                                           ^^^^^^^

warning: use of deprecated method `soroban_sdk::Env::register_contract`: use `register`
  --> contracts\vesting_contracts\src\certificate_registry_test.rs:23:27
   |
23 |     let contract_id = env.register_contract(None, VestingContract);
   |                           ^^^^^^^^^^^^^^^^^
   |
   = note: `#[warn(deprecated)]` on by default

error[E0308]: mismatched types
   --> contracts\vesting_contracts\src\certificate_registry_test.rs:27:31
    |
 27 |     client.initialize(&admin, &token);
    |            ----------         ^^^^^^ expected `&i128`, found `&Address`
    |            |
    |            arguments to this method are incorrect
    |
    = note: expected reference `&i128`
               found reference `&soroban_sdk::Address`
note: method defined here
   --> contracts\vesting_contracts\src\lib.rs:630:12
    |
630 |     pub fn initialize(env: Env, admin: Address, initial_supply: i128) {
    |            ^^^^^^^^^^                           --------------------

warning: use of deprecated method `soroban_sdk::Env::register_contract`: use `register`
  --> contracts\vesting_contracts\src\certificate_registry_test.rs:93:27
   |
93 |     let contract_id = env.register_contract(None, VestingCertificateRegistry);
   |                           ^^^^^^^^^^^^^^^^^

warning: use of deprecated method `soroban_sdk::Env::register_contract`: use `register`
   --> contracts\vesting_contracts\src\certificate_registry_test.rs:144:27
    |
144 |     let contract_id = env.register_contract(None, VestingCertificateRegistry);
    |                           ^^^^^^^^^^^^^^^^^

warning: use of deprecated method `soroban_sdk::Env::register_contract`: use `register`
   --> contracts\vesting_contracts\src\certificate_registry_test.rs:195:27
    |
195 |     let contract_id = env.register_contract(None, VestingCertificateRegistry);
    |                           ^^^^^^^^^^^^^^^^^

warning: use of deprecated method `soroban_sdk::Env::register_contract`: use `register`
   --> contracts\vesting_contracts\src\certificate_registry_test.rs:246:27
    |
246 |     let contract_id = env.register_contract(None, VestingCertificateRegistry);
    |                           ^^^^^^^^^^^^^^^^^

warning: use of deprecated method `soroban_sdk::Env::register_contract`: use `register`
   --> contracts\vesting_contracts\src\certificate_registry_test.rs:306:27
    |
306 |     let contract_id = env.register_contract(None, VestingCertificateRegistry);
    |                           ^^^^^^^^^^^^^^^^^

warning: use of deprecated method `soroban_sdk::Env::register_contract`: use `register`
   --> contracts\vesting_contracts\src\certificate_registry_test.rs:363:27
    |
363 |     let contract_id = env.register_contract(None, VestingCertificateRegistry);
    |                           ^^^^^^^^^^^^^^^^^

error[E0308]: mismatched types
   --> contracts\vesting_contracts\src\lib.rs:438:51
    |
438 |                 let mut admins = Self::get_admins(&env);
    |                                  ---------------- ^^^^ expected `Env`, found `&Env`
    |                                  |
    |                                  arguments to this function are incorrect
    |
note: associated function defined here
   --> contracts\vesting_contracts\src\lib.rs:617:12
    |
617 |     pub fn get_admins(env: Env) -> Vec<Address> {
    |            ^^^^^^^^^^ --------
help: consider removing the borrow
    |
438 -                 let mut admins = Self::get_admins(&env);
438 +                 let mut admins = Self::get_admins(env);
    |

error[E0308]: mismatched types
   --> contracts\vesting_contracts\src\lib.rs:446:47
    |
446 |                 let admins = Self::get_admins(&env);
    |                              ---------------- ^^^^ expected `Env`, found `&Env`
    |                              |
    |                              arguments to this function are incorrect
    |
note: associated function defined here
   --> contracts\vesting_contracts\src\lib.rs:617:12
    |
617 |     pub fn get_admins(env: Env) -> Vec<Address> {
    |            ^^^^^^^^^^ --------
help: consider removing the borrow
    |
446 -                 let admins = Self::get_admins(&env);
446 +                 let admins = Self::get_admins(env);
    |

error[E0308]: mismatched types
   --> contracts\vesting_contracts\src\lib.rs:457:57
    |
457 |                 let quorum = Self::get_quorum_threshold(&env);
    |                              -------------------------- ^^^^ expected `Env`, found `&Env`
    |                              |
    |                              arguments to this function are incorrect
    |
note: associated function defined here
   --> contracts\vesting_contracts\src\lib.rs:621:12
    |
621 |     pub fn get_quorum_threshold(env: Env) -> u32 {
    |            ^^^^^^^^^^^^^^^^^^^^ --------
help: consider removing the borrow
    |
457 -                 let quorum = Self::get_quorum_threshold(&env);
457 +                 let quorum = Self::get_quorum_threshold(env);
    |

error[E0308]: mismatched types
   --> contracts\vesting_contracts\src\lib.rs:464:47
    |
464 |                 let admins = Self::get_admins(&env);
    |                              ---------------- ^^^^ expected `Env`, found `&Env`
    |                              |
    |                              arguments to this function are incorrect
    |
note: associated function defined here
   --> contracts\vesting_contracts\src\lib.rs:617:12
    |
617 |     pub fn get_admins(env: Env) -> Vec<Address> {
    |            ^^^^^^^^^^ --------
help: consider removing the borrow
    |
464 -                 let admins = Self::get_admins(&env);
464 +                 let admins = Self::get_admins(env);
    |

error[E0308]: mismatched types
    --> contracts\vesting_contracts\src\lib.rs:495:45
     |
 495 |                 let admin = Self::get_admin(&env);
     |                             --------------- ^^^^ expected `Env`, found `&Env`
     |                             |
     |                             arguments to this function are incorrect
     |
note: associated function defined here
    --> contracts\vesting_contracts\src\lib.rs:1673:12
     |
1673 |     pub fn get_admin(env: Env) -> Address {
     |            ^^^^^^^^^ --------
help: consider removing the borrow
     |
 495 -                 let admin = Self::get_admin(&env);
 495 +                 let admin = Self::get_admin(env);
     |

error[E0308]: mismatched types
   --> contracts\vesting_contracts\src\lib.rs:509:39
    |
509 |         let admins = Self::get_admins(env);
    |                      ---------------- ^^^ expected `Env`, found `&Env`
    |                      |
    |                      arguments to this function are incorrect
    |
note: associated function defined here
   --> contracts\vesting_contracts\src\lib.rs:617:12
    |
617 |     pub fn get_admins(env: Env) -> Vec<Address> {
    |            ^^^^^^^^^^ --------
help: consider using clone here
    |
509 |         let admins = Self::get_admins(env.clone());
    |                                          ++++++++

error[E0308]: mismatched types
   --> contracts\vesting_contracts\src\lib.rs:510:49
    |
510 |         let quorum = Self::get_quorum_threshold(env);
    |                      -------------------------- ^^^ expected `Env`, found `&Env`
    |                      |
    |                      arguments to this function are incorrect
    |
note: associated function defined here
   --> contracts\vesting_contracts\src\lib.rs:621:12
    |
621 |     pub fn get_quorum_threshold(env: Env) -> u32 {
    |            ^^^^^^^^^^^^^^^^^^^^ --------
help: consider using clone here
    |
510 |         let quorum = Self::get_quorum_threshold(env.clone());
    |                                                    ++++++++

error[E0308]: arguments to this function are incorrect
   --> contracts\vesting_contracts\src\lib.rs:564:13
    |
564 |         if !Self::is_admin(&env, &signer) { panic!("Not an admin"); }
    |             ^^^^^^^^^^^^^^ ----  ------- expected `Address`, found `&Address`
    |                            |
    |                            expected `Env`, found `&Env`
    |
note: associated function defined here
   --> contracts\vesting_contracts\src\lib.rs:625:12
    |
625 |     pub fn is_admin(env: Env, addr: Address) -> bool {
    |            ^^^^^^^^ --------  -------------
help: consider removing the borrow
    |
564 -         if !Self::is_admin(&env, &signer) { panic!("Not an admin"); }
564 +         if !Self::is_admin(env, &signer) { panic!("Not an admin"); }
    |
help: consider removing the borrow
    |
564 -         if !Self::is_admin(&env, &signer) { panic!("Not an admin"); }
564 +         if !Self::is_admin(&env, signer) { panic!("Not an admin"); }
    |

error[E0308]: mismatched types
   --> contracts\vesting_contracts\src\lib.rs:570:62
    |
570 |         let sig_count = Self::admin_proposal_signature_count(&env, proposal_id);
    |                         ------------------------------------ ^^^^ expected `Env`, found `&Env`
    |                         |
    |                         arguments to this function are incorrect
    |
note: associated function defined here
   --> contracts\vesting_contracts\src\lib.rs:550:12
    |
550 |     pub fn admin_proposal_signature_count(env: Env, proposal_id: u64) -> u32 {
    |            ^^^^^^^^^^^^^^^^^^^^^^^^^^^^^^ --------
help: consider removing the borrow
    |
570 -         let sig_count = Self::admin_proposal_signature_count(&env, proposal_id);
570 +         let sig_count = Self::admin_proposal_signature_count(env, proposal_id);
    |

error[E0308]: mismatched types
   --> contracts\vesting_contracts\src\lib.rs:571:49
    |
571 |         let quorum = Self::get_quorum_threshold(&env);
    |                      -------------------------- ^^^^ expected `Env`, found `&Env`
    |                      |
    |                      arguments to this function are incorrect
    |
note: associated function defined here
   --> contracts\vesting_contracts\src\lib.rs:621:12
    |
621 |     pub fn get_quorum_threshold(env: Env) -> u32 {
    |            ^^^^^^^^^^^^^^^^^^^^ --------
help: consider removing the borrow
    |
571 -         let quorum = Self::get_quorum_threshold(&env);
571 +         let quorum = Self::get_quorum_threshold(env);
    |

error[E0308]: arguments to this function are incorrect
   --> contracts\vesting_contracts\src\lib.rs:589:13
    |
589 |         if !Self::is_admin(&env, &proposer) { panic!("Not an admin"); }
    |             ^^^^^^^^^^^^^^ ----  --------- expected `Address`, found `&Address`
    |                            |
    |                            expected `Env`, found `&Env`
    |
note: associated function defined here
   --> contracts\vesting_contracts\src\lib.rs:625:12
    |
625 |     pub fn is_admin(env: Env, addr: Address) -> bool {
    |            ^^^^^^^^ --------  -------------
help: consider removing the borrow
    |
589 -         if !Self::is_admin(&env, &proposer) { panic!("Not an admin"); }
589 +         if !Self::is_admin(env, &proposer) { panic!("Not an admin"); }
    |
help: consider removing the borrow
    |
589 -         if !Self::is_admin(&env, &proposer) { panic!("Not an admin"); }
589 +         if !Self::is_admin(&env, proposer) { panic!("Not an admin"); }
    |

error[E0308]: mismatched types
   --> contracts\vesting_contracts\src\lib.rs:602:62
    |
602 |         let sig_count = Self::admin_proposal_signature_count(&env, proposal_id);
    |                         ------------------------------------ ^^^^ expected `Env`, found `&Env`
    |                         |
    |                         arguments to this function are incorrect
    |
note: associated function defined here
   --> contracts\vesting_contracts\src\lib.rs:550:12
    |
550 |     pub fn admin_proposal_signature_count(env: Env, proposal_id: u64) -> u32 {
    |            ^^^^^^^^^^^^^^^^^^^^^^^^^^^^^^ --------
help: consider removing the borrow
    |
602 -         let sig_count = Self::admin_proposal_signature_count(&env, proposal_id);
602 +         let sig_count = Self::admin_proposal_signature_count(env, proposal_id);
    |

error[E0308]: mismatched types
   --> contracts\vesting_contracts\src\lib.rs:603:52
    |
603 |         if sig_count >= Self::get_quorum_threshold(&env) {
    |                         -------------------------- ^^^^ expected `Env`, found `&Env`
    |                         |
    |                         arguments to this function are incorrect
    |
note: associated function defined here
   --> contracts\vesting_contracts\src\lib.rs:621:12
    |
621 |     pub fn get_quorum_threshold(env: Env) -> u32 {
    |            ^^^^^^^^^^^^^^^^^^^^ --------
help: consider removing the borrow
    |
603 -         if sig_count >= Self::get_quorum_threshold(&env) {
603 +         if sig_count >= Self::get_quorum_threshold(env) {
    |

error[E0308]: mismatched types
   --> contracts\vesting_contracts\src\lib.rs:618:77
    |
618 |         env.storage().instance().get(&DataKey::AdminSet).unwrap_or(Vec::new(env))
    |                                                                    -------- ^^^ expected `&Env`, found `Env`
    |                                                                    |
    |                                                                    arguments to this function are incorrect
    |
note: associated function defined here
   --> C:\Users\dell\.cargo\registry\src\index.crates.io-1949cf8c6b5b557f\soroban-sdk-25.3.1\src\vec.rs:364:12
    |
364 |     pub fn new(env: &Env) -> Vec<T> {
    |            ^^^
help: consider borrowing here
    |
618 |         env.storage().instance().get(&DataKey::AdminSet).unwrap_or(Vec::new(&env))
    |                                                                             +

error[E0308]: mismatched types
    --> contracts\vesting_contracts\src\lib.rs:947:37
     |
 947 |         let admin = Self::get_admin(&env);
     |                     --------------- ^^^^ expected `Env`, found `&Env`
     |                     |
     |                     arguments to this function are incorrect
     |
note: associated function defined here
    --> contracts\vesting_contracts\src\lib.rs:1673:12
     |
1673 |     pub fn get_admin(env: Env) -> Address {
     |            ^^^^^^^^^ --------
help: consider removing the borrow
     |
 947 -         let admin = Self::get_admin(&env);
 947 +         let admin = Self::get_admin(env);
     |

error[E0308]: mismatched types
    --> contracts\vesting_contracts\src\lib.rs:1043:37
     |
1043 |         let admin = Self::get_admin(&env);
     |                     --------------- ^^^^ expected `Env`, found `&Env`
     |                     |
     |                     arguments to this function are incorrect
     |
note: associated function defined here
    --> contracts\vesting_contracts\src\lib.rs:1673:12
     |
1673 |     pub fn get_admin(env: Env) -> Address {
     |            ^^^^^^^^^ --------
help: consider removing the borrow
     |
1043 -         let admin = Self::get_admin(&env);
1043 +         let admin = Self::get_admin(env);
     |

error[E0308]: mismatched types
    --> contracts\vesting_contracts\src\lib.rs:2734:40
     |
2734 |         let proposer = Self::get_admin(&env);
     |                        --------------- ^^^^ expected `Env`, found `&Env`
     |                        |
     |                        arguments to this function are incorrect
     |
note: associated function defined here
    --> contracts\vesting_contracts\src\lib.rs:1673:12
     |
1673 |     pub fn get_admin(env: Env) -> Address {
     |            ^^^^^^^^^ --------
help: consider removing the borrow
     |
2734 -         let proposer = Self::get_admin(&env);
2734 +         let proposer = Self::get_admin(env);
     |

error[E0308]: mismatched types
    --> contracts\vesting_contracts\src\lib.rs:2891:37
     |
2891 |         let admin = Self::get_admin(&env);
     |                     --------------- ^^^^ expected `Env`, found `&&Env`
     |                     |
     |                     arguments to this function are incorrect
     |
note: associated function defined here
    --> contracts\vesting_contracts\src\lib.rs:1673:12
     |
1673 |     pub fn get_admin(env: Env) -> Address {
     |            ^^^^^^^^^ --------

warning: use of deprecated method `soroban_sdk::Env::register_stellar_asset_contract`: use 
[Env::register_stellar_asset_contract_v2]
  --> contracts\vesting_contracts\src\test.rs:18:29
   |
18 |     let token_address = env.register_stellar_asset_contract(token_admin.clone());
   |                             ^^^^^^^^^^^^^^^^^^^^^^^^^^^^^^^

warning: use of deprecated method `soroban_sdk::Env::register_contract`: use `register`
  --> contracts\vesting_contracts\src\test.rs:22:27
   |
22 |     let contract_id = env.register_contract(None, VestingContract);
   |                           ^^^^^^^^^^^^^^^^^

error[E0061]: this method takes 2 arguments but 1 argument was supplied
    --> contracts\vesting_contracts\src\test.rs:85:12
     |
  85 |     client.claim_tokens(&vault_id);
     |            ^^^^^^^^^^^^----------- argument #2 of type `&i128` is missing
     |
note: method defined here
    --> contracts\vesting_contracts\src\lib.rs:1135:12
     |
1135 |     pub fn claim_tokens(env: Env, vault_id: u64, claim_amount: i128) -> i128 {
     |            ^^^^^^^^^^^^                          ------------------
help: provide the argument
     |
  85 |     client.claim_tokens(&vault_id, /* &i128 */);
     |                                  +++++++++++++

error[E0061]: this method takes 2 arguments but 1 argument was supplied
    --> contracts\vesting_contracts\src\test.rs:106:12
     |
 106 |     client.revoke_vault(&vault_id);
     |            ^^^^^^^^^^^^----------- argument #2 of type `&soroban_sdk::Address` is missing
     |
note: method defined here
    --> contracts\vesting_contracts\src\lib.rs:2034:12
     |
2034 |     pub fn revoke_vault(env: Env, vault_id: u64, treasury: Address) {
     |            ^^^^^^^^^^^^                          -----------------
help: provide the argument
     |
 106 |     client.revoke_vault(&vault_id, /* &soroban_sdk::Address */);
     |                                  +++++++++++++++++++++++++++++

error[E0599]: no method named `pause` found for struct `VestingContractClient<'a>` in the current scope
   --> contracts\vesting_contracts\src\test.rs:115:12
    |
115 |     client.pause();
    |            ^^^^^
    |
   ::: contracts\vesting_contracts\src\lib.rs:430:1
    |
430 | #[contract]
    | ----------- method `pause` not found for this struct
    |
help: there is a method `is_paused` with a similar name
    |
115 -     client.pause();
115 +     client.is_paused();
    |

error[E0599]: no method named `resume` found for struct `VestingContractClient<'a>` in the current scope
   --> contracts\vesting_contracts\src\test.rs:118:12
    |
118 |     client.resume();
    |            ^^^^^^ method not found in `VestingContractClient<'_>`
    |
   ::: contracts\vesting_contracts\src\lib.rs:430:1
    |
430 | #[contract]
    | ----------- method `resume` not found for this struct

warning: use of deprecated method `soroban_sdk::Env::register_contract`: use `register`
  --> contracts\vesting_contracts\src\invariant_test.rs:10:27
   |
10 |     let contract_id = env.register_contract(None, VestingContract);
   |                           ^^^^^^^^^^^^^^^^^

warning: use of deprecated method `soroban_sdk::Env::register_stellar_asset_contract`: use 
[Env::register_stellar_asset_contract_v2]
  --> contracts\vesting_contracts\src\invariant_test.rs:15:26
   |
15 |     let token_addr = env.register_stellar_asset_contract(token_admin.clone());
   |                          ^^^^^^^^^^^^^^^^^^^^^^^^^^^^^^^

warning: use of deprecated method `soroban_sdk::Env::register_contract`: use `register`
  --> contracts\vesting_contracts\src\invariant_test.rs:84:31
   |
84 |         let contract_id = env.register_contract(None, VestingContract);
   |                               ^^^^^^^^^^^^^^^^^

warning: use of deprecated method `soroban_sdk::Env::register_stellar_asset_contract`: use 
[Env::register_stellar_asset_contract_v2]
  --> contracts\vesting_contracts\src\invariant_test.rs:89:30
   |
89 |         let token_addr = env.register_stellar_asset_contract(token_admin.clone());
   |                              ^^^^^^^^^^^^^^^^^^^^^^^^^^^^^^^

warning: use of deprecated method `soroban_sdk::Env::register_stellar_asset_contract`: use 
[Env::register_stellar_asset_contract_v2]
  --> contracts\vesting_contracts\src\diversified_test.rs:10:27
   |
10 |         let address = env.register_stellar_asset_contract(admin.clone());
   |                           ^^^^^^^^^^^^^^^^^^^^^^^^^^^^^^^

warning: use of deprecated method `soroban_sdk::Env::register_contract`: use `register`
  --> contracts\vesting_contracts\src\diversified_test.rs:33:31
   |
33 |         let contract_id = env.register_contract(None, VestingContract);
   |                               ^^^^^^^^^^^^^^^^^

error[E0308]: mismatched types
   --> contracts\vesting_contracts\src\diversified_test.rs:37:35
    |
 37 |         client.initialize(&admin, &token1.address);
    |                ----------         ^^^^^^^^^^^^^^^ expected `&i128`, found `&Address`
    |                |
    |                arguments to this method are incorrect
    |
    = note: expected reference `&i128`
               found reference `&soroban_sdk::Address`
note: method defined here
   --> contracts\vesting_contracts\src\lib.rs:630:12
    |
630 |     pub fn initialize(env: Env, admin: Address, initial_supply: i128) {
    |            ^^^^^^^^^^                           --------------------

warning: use of deprecated method `soroban_sdk::Env::register_contract`: use `register`
   --> contracts\vesting_contracts\src\diversified_test.rs:131:31
    |
131 |         let contract_id = env.register_contract(None, VestingContract);
    |                               ^^^^^^^^^^^^^^^^^

error[E0308]: mismatched types
   --> contracts\vesting_contracts\src\diversified_test.rs:133:35
    |
133 |         client.initialize(&admin, &token1.address);
    |                ----------         ^^^^^^^^^^^^^^^ expected `&i128`, found `&Address`
    |                |
    |                arguments to this method are incorrect
    |
    = note: expected reference `&i128`
               found reference `&soroban_sdk::Address`
note: method defined here
   --> contracts\vesting_contracts\src\lib.rs:630:12
    |
630 |     pub fn initialize(env: Env, admin: Address, initial_supply: i128) {
    |            ^^^^^^^^^^                           --------------------

warning: unused import: `Ledger`
 --> contracts\vesting_contracts\src\certificate_registry_test.rs:4:44
  |
4 | use soroban_sdk::testutils::{Address as _, Ledger as _};
  |                                            ^^^^^^

warning: unused variable: `cert1_id`
   --> contracts\vesting_contracts\src\certificate_registry_test.rs:151:9
    |
151 |     let cert1_id = registry_client.register_completed_vest(
    |         ^^^^^^^^ help: if this is intentional, prefix it with an underscore: `_cert1_id`
    |
    = note: `#[warn(unused_variables)]` (part of `#[warn(unused)]`) on by default

error[E0382]: borrow of moved value: `env`
   --> contracts\vesting_contracts\src\lib.rs:555:16
    |
550 |     pub fn admin_proposal_signature_count(env: Env, proposal_id: u64) -> u32 {
    |                                           --- move occurs because `env` has type `Env`, which does not implement 
the `Copy` trait
551 |         let admins = Self::get_admins(env);
    |                                       --- value moved here
...
555 |             if env.storage().instance().has(&sig_key) && env.storage().instance().get::<_, 
bool>(&sig_key).unwrap_or(false) {
    |                ^^^ value borrowed here after move
    |
note: consider changing this parameter type in method `get_admins` to borrow instead if owning the value isn't 
necessary
   --> contracts\vesting_contracts\src\lib.rs:617:28
    |
617 |     pub fn get_admins(env: Env) -> Vec<Address> {
    |            ----------      ^^^ this parameter takes ownership of the value
    |            |
    |            in this method
help: consider cloning the value if the performance cost is acceptable
    |
551 |         let admins = Self::get_admins(env.clone());
    |                                          ++++++++

warning: unused variable: `vault`
    --> contracts\vesting_contracts\src\lib.rs:1444:13
     |
1444 |         let vault = Self::get_vault_internal(&env, vault_id);
     |             ^^^^^ help: if this is intentional, prefix it with an underscore: `_vault`
     |
     = note: `#[warn(unused_variables)]` (part of `#[warn(unused)]`) on by default

warning: unused variable: `vault`
    --> contracts\vesting_contracts\src\lib.rs:1444:13
     |
1444 |         let vault = Self::get_vault_internal(&env, vault_id);
     |             ^^^^^ help: if this is intentional, prefix it with an underscore: `_vault`

Some errors have detailed explanations: E0308, E0382, E0428.
For more information about an error, try `rustc --explain E0308`.
warning: `vesting_contracts` (lib) generated 4 warnings
error: could not compile `vesting_contracts` (lib) due to 20 previous errors; 4 warnings emitted
warning: build failed, waiting for other jobs to finish...
warning: unused variable: `env`
  --> contracts\vesting_contracts\src\test.rs:36:10
   |
36 |     let (env, admin, client, token_address, _) = setup();
   |          ^^^ help: if this is intentional, prefix it with an underscore: `_env`

warning: unused variable: `token_address`
  --> contracts\vesting_contracts\src\test.rs:36:30
   |
36 |     let (env, admin, client, token_address, _) = setup();
   |                              ^^^^^^^^^^^^^ help: if this is intentional, prefix it with an underscore: 
`_token_address`

warning: unused variable: `vault_id`
   --> contracts\vesting_contracts\src\test.rs:170:9
    |
170 |     let vault_id = client.create_vault_full(
    |         ^^^^^^^^ help: if this is intentional, prefix it with an underscore: `_vault_id`

Some errors have detailed explanations: E0061, E0308, E0382, E0428, E0433, E0599.
For more information about an error, try `rustc --explain E0061`.
warning: `vesting_contracts` (lib test) generated 35 warnings (3 duplicates)
error: could not compile `vesting_contracts` (lib test) due to 28 previous errors; 35 warnings emitted
